c:\users\yuyu\desktop\persona\persona\x64\debug\vc145.pdb
c:\users\yuyu\desktop\persona\persona\x64\debug\.netframework,version=v4.7.2.assemblyattributes.obj
c:\users\yuyu\desktop\persona\persona\x64\debug\source.obj
c:\users\yuyu\desktop\persona\persona\x64\debug\main.obj
c:\users\yuyu\desktop\persona\x64\debug\persona.pdb
c:\users\yuyu\desktop\persona\persona\x64\debug\persona.tlog\cl.command.1.tlog
c:\users\yuyu\desktop\persona\persona\x64\debug\persona.tlog\cl.items.tlog
c:\users\yuyu\desktop\persona\persona\x64\debug\persona.tlog\cl.read.1.tlog
c:\users\yuyu\desktop\persona\persona\x64\debug\persona.tlog\cl.write.1.tlog
c:\users\yuyu\desktop\persona\persona\x64\debug\persona.tlog\link.29428.read.1.tlog
c:\users\yuyu\desktop\persona\persona\x64\debug\persona.tlog\link.29428.read.2.tlog
c:\users\yuyu\desktop\persona\persona\x64\debug\persona.tlog\link.29428.read.3.tlog
c:\users\yuyu\desktop\persona\persona\x64\debug\persona.tlog\link.29428.read.4.tlog
c:\users\yuyu\desktop\persona\persona\x64\debug\persona.tlog\link.29428.write.1.tlog
c:\users\yuyu\desktop\persona\persona\x64\debug\persona.tlog\link.37864.read.1.tlog
c:\users\yuyu\desktop\persona\persona\x64\debug\persona.tlog\link.37864.read.2.tlog
c:\users\yuyu\desktop\persona\persona\x64\debug\persona.tlog\link.37864.read.3.tlog
c:\users\yuyu\desktop\persona\persona\x64\debug\persona.tlog\link.37864.read.4.tlog
c:\users\yuyu\desktop\persona\persona\x64\debug\persona.tlog\link.37864.write.1.tlog
c:\users\yuyu\desktop\persona\persona\x64\debug\persona.tlog\link.39244.read.1.tlog
c:\users\yuyu\desktop\persona\persona\x64\debug\persona.tlog\link.39244.read.2.tlog
c:\users\yuyu\desktop\persona\persona\x64\debug\persona.tlog\link.39244.read.3.tlog
c:\users\yuyu\desktop\persona\persona\x64\debug\persona.tlog\link.39244.read.4.tlog
c:\users\yuyu\desktop\persona\persona\x64\debug\persona.tlog\link.39244.write.1.tlog
c:\users\yuyu\desktop\persona\persona\x64\debug\persona.tlog\link.command.1.tlog
c:\users\yuyu\desktop\persona\persona\x64\debug\persona.tlog\link.read.1.tlog
c:\users\yuyu\desktop\persona\persona\x64\debug\persona.tlog\link.read.2.tlog
c:\users\yuyu\desktop\persona\persona\x64\debug\persona.tlog\link.read.3.tlog
c:\users\yuyu\desktop\persona\persona\x64\debug\persona.tlog\link.read.4.tlog
c:\users\yuyu\desktop\persona\persona\x64\debug\persona.tlog\link.secondary.1.tlog
c:\users\yuyu\desktop\persona\persona\x64\debug\persona.tlog\link.write.1.tlog
c:\users\yuyu\desktop\persona\persona\x64\debug\persona.tlog\metagen.read.1.tlog
c:\users\yuyu\desktop\persona\persona\x64\debug\persona.tlog\metagen.write.1.tlog
c:\users\yuyu\desktop\persona\persona\x64\debug\persona.tlog\persona.write.1u.tlog
